Resolving dependencies...
Downloading packages...
  _fe_analyzer_shared 91.0.0 (92.0.0 available)
  analyzer 8.4.0 (9.0.0 available)
  audioplayers 5.2.1 (6.5.1 available)
  audioplayers_android 4.0.3 (5.2.1 available)
  audioplayers_darwin 5.0.2 (6.3.0 available)
  audioplayers_linux 3.1.0 (4.2.1 available)
  audioplayers_platform_interface 6.1.0 (7.1.1 available)
  audioplayers_web 4.1.0 (5.1.1 available)
  audioplayers_windows 3.1.0 (4.2.1 available)
  build_daemon 4.0.4 (4.1.0 available)
  build_runner 2.9.0 (2.10.1 available)
  cached_network_image 3.4.0 (3.4.1 available)
  cached_network_image_web 1.3.0 (1.3.1 available)
  camera 0.10.6 (0.11.3 available)
  characters 1.4.0 (1.4.1 available)
  cross_file 0.3.4+2 (0.3.5 available)
  device_info_plus 10.1.2 (12.2.0 available)
  file_selector_macos 0.9.4+4 (0.9.4+5 available)
  flutter_riverpod 2.6.1 (3.0.3 available)
  flutter_secure_storage_linux 1.2.3 (2.0.1 available)
  flutter_secure_storage_macos 3.1.3 (4.0.0 available)
  flutter_secure_storage_platform_interface 1.1.2 (2.0.1 available)
  flutter_secure_storage_web 1.2.1 (2.0.0 available)
  flutter_secure_storage_windows 3.1.2 (4.0.0 available)
  flutter_tts 3.8.5 (4.2.3 available)
  geocoding 3.0.0 (4.0.0 available)
  geocoding_android 3.3.1 (4.0.1 available)
  geolocator 13.0.4 (14.0.2 available)
  geolocator_android 4.6.2 (5.0.2 available)
  go_router 16.2.5 (16.3.0 available)
  image_picker_android 0.8.13+5 (0.8.13+7 available)
  image_picker_ios 0.8.13 (0.8.13+1 available)
  image_picker_macos 0.2.2 (0.2.2+1 available)
  image_picker_platform_interface 2.11.0 (2.11.1 available)
  js 0.6.7 (0.7.2 available)
  material_color_utilities 0.11.1 (0.13.0 available)
  meta 1.16.0 (1.17.0 available)
  mime 1.0.6 (2.0.0 available)
  path_provider_foundation 2.4.2 (2.4.3 available)
  pointycastle 3.9.1 (4.0.0 available)
  riverpod 2.6.1 (3.0.3 available)
  share_plus 12.0.0 (12.0.1 available)
  shared_preferences_foundation 2.5.4 (2.5.5 available)
  test_api 0.7.6 (0.7.7 available)
  url_launcher_ios 6.3.4 (6.3.5 available)
  url_launcher_macos 3.2.3 (3.2.4 available)
  video_player_platform_interface 6.5.0 (6.6.0 available)
  web_socket_channel 2.4.0 (3.0.3 available)
  win32_registry 1.1.5 (2.1.0 available)
Got dependencies!
49 packages have newer versions incompatible with dependency constraints.
Try `flutter pub outdated` for more information.
Launching lib/main.dart on sdk gphone64 arm64 in debug mode...
Running Gradle task 'assembleDebug'...                          
警告: [options] 源值 8 已过时，将在未来发行版中删除
警告: [options] 目标值 8 已过时，将在未来发行版中删除
警告: [options] 要隐藏有关已过时选项的警告, 请使用 -Xlint:-options。
3 个警告
警告: [options] 源值 8 已过时，将在未来发行版中删除
警告: [options] 目标值 8 已过时，将在未来发行版中删除
警告: [options] 要隐藏有关已过时选项的警告, 请使用 -Xlint:-options。
3 个警告
警告: [options] 源值 8 已过时，将在未来发行版中删除
警告: [options] 目标值 8 已过时，将在未来发行版中删除
警告: [options] 要隐藏有关已过时选项的警告, 请使用 -Xlint:-options。
3 个警告
警告: [options] 源值 8 已过时，将在未来发行版中删除
警告: [options] 目标值 8 已过时，将在未来发行版中删除
警告: [options] 要隐藏有关已过时选项的警告, 请使用 -Xlint:-options。
注: 某些输入文件使用或覆盖了已过时的 API。
注: 有关详细信息, 请使用 -Xlint:deprecation 重新编译。
注: 某些输入文件使用了未经检查或不安全的操作。
注: 有关详细信息, 请使用 -Xlint:unchecked 重新编译。
3 个警告
Running Gradle task 'assembleDebug'...                             23.4s
✓ Built build/app/outputs/flutter-apk/app-debug.apk
Installing build/app/outputs/flutter-apk/app-debug.apk...          871ms
D/FlutterJNI(12332): Beginning load of flutter...
D/FlutterJNI(12332): flutter (null) was loaded normally!
I/flutter (12332): [IMPORTANT:flutter/shell/platform/android/android_context_gl_impeller.cc(104)] Using the Impeller rendering backend (OpenGLES).
D/FlutterGeolocator(12332): Attaching Geolocator to activity
Syncing files to device sdk gphone64 arm64...                   
I/TextToSpeech(12332): Connected to TTS engine
I/TextToSpeech(12332): Setting up the connection to TTS engine...
D/AudioSystem(12332): onNewService: media.audio_policy service obtained 0xb400007b4129a7d0
D/AudioSystem(12332): getService: IAudioPolicyService retrieved: 0xb400007b4129a7d0  cached: 0xb400007b4129a7d0
I/Choreographer(12332): Skipped 77 frames!  The application may be doing too much work on its main thread.
D/WindowOnBackDispatcher(12332): setTopOnBackInvokedCallback (unwrapped): android.app.Activity$$ExternalSyntheticLambda0@e3ac702
I/WindowExtensionsImpl(12332): Initializing Window Extensions, vendor API level=9, activity embedding enabled=true
D/VRI[MainActivity](12332): WindowInsets changed: 1080x2400 statusBars:[0,63,0,0] navigationBars:[0,0,0,63] mandatorySystemGestures:[0,63,0,84] 
I/gymates_flutter(12332): Compiler allocated 5274KB to compile void android.view.ViewRootImpl.performTraversals()
Syncing files to device sdk gphone64 arm64...                      370ms

Flutter run key commands.
r Hot reload. 🔥🔥🔥
R Hot restart.
h List all available interactive commands.
d Detach (terminate "flutter run" but leave application running).
c Clear the screen
q Quit (terminate the application on the device).

A Dart VM Service on sdk gphone64 arm64 is available at: http://127.0.0.1:57399/cyIeV6Jzvuo=/
The Flutter DevTools debugger and profiler on sdk gphone64 arm64 is available at: http://127.0.0.1:9100?uri=http://127.0.0.1:57399/cyIeV6Jzvuo=/
D/FlutterGeolocator(12332): Creating service.
D/FlutterGeolocator(12332): Binding to location service.
W/FlutterWebRTCPlugin(12332): audioFocusChangeListener [Speakerphone(name=Speakerphone)] Speakerphone(name=Speakerphone)
D/FlutterGeolocator(12332): Geolocator foreground service connected
D/FlutterGeolocator(12332): Initializing Geolocator services
D/FlutterGeolocator(12332): Flutter engine connected. Connected engine count 1
D/WindowLayoutComponentImpl(12332): Register WindowLayoutInfoListener on Context=com.gymates.gymates_flutter.MainActivity@2043157, of which baseContext=android.app.ContextImpl@d5305c8
D/InsetsController(12332): hide(ime())
I/ImeTracker(12332): com.gymates.gymates_flutter:af7eab00: onCancelled at PHASE_CLIENT_ALREADY_HIDDEN
D/WindowOnBackDispatcher(12332): setTopOnBackInvokedCallback (unwrapped): io.flutter.embedding.android.FlutterActivity$1@69457e3
D/WindowOnBackDispatcher(12332): setTopOnBackInvokedCallback (unwrapped): android.app.Activity$$ExternalSyntheticLambda0@e3ac702
D/ProfileInstaller(12332): Installing profile for com.gymates.gymates_flutter
W/gymates_flutter(12332): userfaultfd: MOVE ioctl seems unsupported: Connection timed out
